test_core_and_persistence_share_exact_root_fingerprint (test_persistence_lineage.NeuralCorePersistenceIntegrationTests.test_core_and_persistence_share_exact_root_fingerprint) ... ok
test_experienced_brain_is_not_g0 (test_persistence_lineage.NeuralCorePersistenceIntegrationTests.test_experienced_brain_is_not_g0) ... ok
test_learned_state_survives_json_restart_exactly (test_persistence_lineage.NeuralCorePersistenceIntegrationTests.test_learned_state_survives_json_restart_exactly) ... ok
test_nested_native_tamper_is_rejected_after_outer_rehash (test_persistence_lineage.NeuralCorePersistenceIntegrationTests.test_nested_native_tamper_is_rejected_after_outer_rehash) ... ok
test_real_brain_snapshots_form_transition_record (test_persistence_lineage.NeuralCorePersistenceIntegrationTests.test_real_brain_snapshots_form_transition_record) ... ok
test_real_neural_birth_can_be_admitted_and_restored (test_persistence_lineage.NeuralCorePersistenceIntegrationTests.test_real_neural_birth_can_be_admitted_and_restored) ... ok
test_slept_brain_is_not_g0 (test_persistence_lineage.NeuralCorePersistenceIntegrationTests.test_slept_brain_is_not_g0) ... ok
test_branch_genesis_records_parent_lineage_provenance (test_persistence_lineage.PersistenceLineageTests.test_branch_genesis_records_parent_lineage_provenance) ... ok
test_checkpoint_for_non_active_state_is_rejected (test_persistence_lineage.PersistenceLineageTests.test_checkpoint_for_non_active_state_is_rejected) ... ok
test_checkpoint_receipt_is_append_only_and_keeps_active_state (test_persistence_lineage.PersistenceLineageTests.test_checkpoint_receipt_is_append_only_and_keeps_active_state) ... ok
test_checkpoint_receipt_rejects_false_restore_hash (test_persistence_lineage.PersistenceLineageTests.test_checkpoint_receipt_rejects_false_restore_hash) ... ok
test_failed_birth_validation_cannot_be_admitted (test_persistence_lineage.PersistenceLineageTests.test_failed_birth_validation_cannot_be_admitted) ... ok
test_genesis_is_deterministic_and_integrity_checked (test_persistence_lineage.PersistenceLineageTests.test_genesis_is_deterministic_and_integrity_checked) ... ok
test_inner_event_integrity_is_checked_after_outer_rehash (test_persistence_lineage.PersistenceLineageTests.test_inner_event_integrity_is_checked_after_outer_rehash) ... ok
test_preserve_requires_passing_result (test_persistence_lineage.PersistenceLineageTests.test_preserve_requires_passing_result) ... ok
test_restart_roundtrip_preserves_journal_and_active_state (test_persistence_lineage.PersistenceLineageTests.test_restart_roundtrip_preserves_journal_and_active_state) ... ok
test_rollback_changes_pointer_without_deleting_history (test_persistence_lineage.PersistenceLineageTests.test_rollback_changes_pointer_without_deleting_history) ... ok
test_snapshot_integrity_detects_changed_body (test_persistence_lineage.PersistenceLineageTests.test_snapshot_integrity_detects_changed_body) ... ok
test_snapshot_roundtrip_restore_equivalence (test_persistence_lineage.PersistenceLineageTests.test_snapshot_roundtrip_restore_equivalence) ... ok
test_supersede_and_forget_remain_explicit_records (test_persistence_lineage.PersistenceLineageTests.test_supersede_and_forget_remain_explicit_records) ... ok
test_wrong_restore_receipt_is_rejected (test_persistence_lineage.PersistenceLineageTests.test_wrong_restore_receipt_is_rejected) ... ok
test_rehashed_checkpoint_cannot_change_host_authority_rule (test_persistence_lineage.SemanticRehashTamperTests.test_rehashed_checkpoint_cannot_change_host_authority_rule) ... ok
test_rehashed_genesis_cannot_change_immutability_rule (test_persistence_lineage.SemanticRehashTamperTests.test_rehashed_genesis_cannot_change_immutability_rule) ... ok
test_rehashed_genesis_cannot_forge_birth_validation_schema (test_persistence_lineage.SemanticRehashTamperTests.test_rehashed_genesis_cannot_forge_birth_validation_schema) ... ok
test_rehashed_genesis_cannot_remove_commit_evidence (test_persistence_lineage.SemanticRehashTamperTests.test_rehashed_genesis_cannot_remove_commit_evidence) ... ok
test_rehashed_rollback_cannot_change_append_only_rule (test_persistence_lineage.SemanticRehashTamperTests.test_rehashed_rollback_cannot_change_append_only_rule) ... ok
test_rehashed_transition_cannot_duplicate_probe_decisions (test_persistence_lineage.SemanticRehashTamperTests.test_rehashed_transition_cannot_duplicate_probe_decisions) ... ok

----------------------------------------------------------------------
Ran 27 tests in 0.043s

OK
